" Generated by vim-plug
" Tue 27 Oct 2020 11:54:43 PM CET
" :source this file in vim to restore the snapshot
" or execute: vim -S snapshot.vim

silent! let g:plugs['Colorizer'].commit = '879e6c69c0c02c4ef0f08b3955c60de16efd8fb8'
silent! let g:plugs['ListToggle'].commit = '63fb8acb57d57380b2e30e7a831247140559c95f'
silent! let g:plugs['ale'].commit = '557a1ed5da70cb443a8650766f4e8ea95e8c0da3'
silent! let g:plugs['blamer.nvim'].commit = '11442047a3e00bce09b076e910e4e4a29bbebba0'
silent! let g:plugs['comfortable-motion.vim'].commit = 'e20aeafb07c6184727b29f7674530150f7ab2036'
silent! let g:plugs['delimitMate'].commit = '16687aec24d803bc76cae2d7bfe2b73b1cdda4ef'
silent! let g:plugs['fzf'].commit = '0d5f862daf45336c12c2f540736b3d7ca396c78d'
silent! let g:plugs['fzf.vim'].commit = '7d45724fdd323d5eb7d39c8caa2e38e63c5e84a7'
silent! let g:plugs['git-messenger.vim'].commit = 'c16b0d43ca57e77081f1f23f67552efe37110b39'
silent! let g:plugs['gruvbox-material'].commit = '4602d8e4dd73d3f2cbbd6635d4c27d4ebd0a11fb'
silent! let g:plugs['indentLine'].commit = '6107214eff0cac5d9810d29ae8614ddfdfcd986b'
silent! let g:plugs['jedi-vim'].commit = 'a17b0333031bd3652ad4c6169caaed05ffb7c49d'
silent! let g:plugs['jedi-vim-pyversion'].commit = 'b77369641667b04af6095d27a88fe95f891e34d6'
silent! let g:plugs['lightline-ale'].commit = '23352556fdaa067209fa22df424f1b88ab370f6a'
silent! let g:plugs['lightline.vim'].commit = '8769bbb84cd22b475275cc4f9f06a25445357a49'
silent! let g:plugs['ncm2'].commit = '7d49f7b473db732878091f2f8c68bc47b015559b'
silent! let g:plugs['ncm2-bufword'].commit = '1d42750114e47a31286268880affcd66c6ae48d5'
silent! let g:plugs['ncm2-go'].commit = 'ca525bda6cb93248059422129dec717daa263e89'
silent! let g:plugs['ncm2-jedi'].commit = 'd378d3e80e15368c1714fd6c20dd461dc7db9796'
silent! let g:plugs['ncm2-path'].commit = '84b1e6b5f28ced2245ff08e6694101f029fdfca8'
silent! let g:plugs['ncm2-tagprefix'].commit = '6bff80cbd3edb02a0c91a26820606d0dcbfeb3bd'
silent! let g:plugs['ncm2-ultisnips'].commit = 'a7462f3b7036dce045a472d8ec9d8fb9fb090212'
silent! let g:plugs['nerdtree'].commit = '14af89743ac1c31ff9bb43682025eda50333a7d5'
silent! let g:plugs['nvim-yarp'].commit = 'b710bf4daccb603a423754794fb446e5fbb59576'
silent! let g:plugs['semshi'].commit = '801d0c971d3d7291cf2fc22d74ac69155a71a279'
silent! let g:plugs['tagbar'].commit = 'aa8c59220148640d66e779c1da495e6c5dfa78a9'
silent! let g:plugs['ultisnips'].commit = 'e6478871c04bb75f3c6cb9b90e171fffbf9c8ff3'
silent! let g:plugs['vim-commentary'].commit = 'f8238d70f873969fb41bf6a6b07ca63a4c0b82b1'
silent! let g:plugs['vim-eunuch'].commit = '4a4bf16b499dcde371c05c77ed4083c4b5228278'
silent! let g:plugs['vim-go'].commit = 'a5e2535d31aa1d7c0fa8a4e77ee96b92ad185be5'
silent! let g:plugs['vim-gutentags'].commit = '50705e8ebb7038b31314f416d1bddd9cb9154049'
silent! let g:plugs['vim-hug-neovim-rpc'].commit = '0b700099e567964bad1f3d17fe16035052b5129a'
silent! let g:plugs['vim-paste-easy'].commit = 'c28c2e4fc7b2d57efb54787bc6d67120b523d42c'
silent! let g:plugs['vim-polyglot'].commit = '449bb882486ee69cc63f812120218ed5c17a1ef7'
silent! let g:plugs['vim-rainbow'].commit = 'a6c7fd5a2b0193b5dbd03f62ad820b521dea3290'
silent! let g:plugs['vim-sensible'].commit = '2d9f34c09f548ed4df213389caa2882bfe56db58'
silent! let g:plugs['vim-signify'].commit = '98c693f7a1a91b73d9232d868765b4d20af892fe'
silent! let g:plugs['vim-snippets'].commit = 'd48c1e2dae8f40391b2bd4b4daf97527c4d75130'
silent! let g:plugs['vim-startify'].commit = 'f2fc11844b234479d37bef37faa7ceb2aade788b'
silent! let g:plugs['vim-surround'].commit = 'f51a26d3710629d031806305b6c8727189cd1935'
silent! let g:plugs['zoomwintab.vim'].commit = '3b33368ed2ff6138d07f7ee148306cce7d7f6b7c'

PlugUpdate!

